// Jest Snapshot v1, https://goo.gl/fbAQLP

exports[`Snapshot 1`] = `
Object {
  "Outputs": Object {
    "snapshotconstructs3seedbucketoutput4ADC27C3": Object {
      "Description": "Seed s3 bucket name",
      "Value": Object {
        "Ref": "snapshotconstructBucketDED2BB39",
      },
    },
    "snapshotconstructtableoutput89B84953": Object {
      "Description": "Dynamodb table name",
      "Value": Object {
        "Ref": "snapshotconstructanalyticstableF88925AF",
      },
    },
  },
  "Parameters": Object {
    "BootstrapVersion": Object {
      "Default": "/cdk-bootstrap/hnb659fds/version",
      "Description": "Version of the CDK Bootstrap resources in this environment, automatically retrieved from SSM Parameter Store. [cdk:skip]",
      "Type": "AWS::SSM::Parameter::Value<String>",
    },
  },
  "Resources": Object {
    "CustomS3AutoDeleteObjectsCustomResourceProviderHandler9D90184F": Object {
      "DependsOn": Array [
        "CustomS3AutoDeleteObjectsCustomResourceProviderRole3B1BD092",
      ],
      "Properties": Object {
        "Code": Object {
          "S3Bucket": Object {
            "Fn::Sub": "cdk-hnb659fds-assets-\${AWS::AccountId}-\${AWS::Region}",
          },
          "S3Key": "bdb08b9984816ecf43301a0c6d8913e270ee2448940b6b95e430dd222a4d90be.zip",
        },
        "Description": Object {
          "Fn::Join": Array [
            "",
            Array [
              "Lambda function for auto-deleting objects in ",
              Object {
                "Ref": "snapshotconstructBucketDED2BB39",
              },
              " S3 bucket.",
            ],
          ],
        },
        "Handler": "__entrypoint__.handler",
        "MemorySize": 128,
        "Role": Object {
          "Fn::GetAtt": Array [
            "CustomS3AutoDeleteObjectsCustomResourceProviderRole3B1BD092",
            "Arn",
          ],
        },
        "Runtime": "nodejs12.x",
        "Timeout": 900,
      },
      "Type": "AWS::Lambda::Function",
    },
    "CustomS3AutoDeleteObjectsCustomResourceProviderRole3B1BD092": Object {
      "Properties": Object {
        "AssumeRolePolicyDocument": Object {
          "Statement": Array [
            Object {
              "Action": "sts:AssumeRole",
              "Effect": "Allow",
              "Principal": Object {
                "Service": "lambda.amazonaws.com",
              },
            },
          ],
          "Version": "2012-10-17",
        },
        "ManagedPolicyArns": Array [
          Object {
            "Fn::Sub": "arn:\${AWS::Partition}:iam::aws:policy/service-role/AWSLambdaBasicExecutionRole",
          },
        ],
      },
      "Type": "AWS::IAM::Role",
    },
    "snapshotconstructBucketAutoDeleteObjectsCustomResourceA38BB90D": Object {
      "DeletionPolicy": "Delete",
      "DependsOn": Array [
        "snapshotconstructBucketPolicyBC3C4799",
      ],
      "Properties": Object {
        "BucketName": Object {
          "Ref": "snapshotconstructBucketDED2BB39",
        },
        "ServiceToken": Object {
          "Fn::GetAtt": Array [
            "CustomS3AutoDeleteObjectsCustomResourceProviderHandler9D90184F",
            "Arn",
          ],
        },
      },
      "Type": "Custom::S3AutoDeleteObjects",
      "UpdateReplacePolicy": "Delete",
    },
    "snapshotconstructBucketDED2BB39": Object {
      "DeletionPolicy": "Delete",
      "Properties": Object {
        "BucketEncryption": Object {
          "ServerSideEncryptionConfiguration": Array [
            Object {
              "ServerSideEncryptionByDefault": Object {
                "SSEAlgorithm": "AES256",
              },
            },
          ],
        },
        "PublicAccessBlockConfiguration": Object {
          "BlockPublicAcls": true,
          "BlockPublicPolicy": true,
          "IgnorePublicAcls": true,
          "RestrictPublicBuckets": true,
        },
        "Tags": Array [
          Object {
            "Key": "aws-cdk:auto-delete-objects",
            "Value": "true",
          },
        ],
      },
      "Type": "AWS::S3::Bucket",
      "UpdateReplacePolicy": "Delete",
    },
    "snapshotconstructBucketPolicyBC3C4799": Object {
      "Properties": Object {
        "Bucket": Object {
          "Ref": "snapshotconstructBucketDED2BB39",
        },
        "PolicyDocument": Object {
          "Statement": Array [
            Object {
              "Action": "s3:*",
              "Condition": Object {
                "Bool": Object {
                  "aws:SecureTransport": "false",
                },
              },
              "Effect": "Deny",
              "Principal": Object {
                "AWS": "*",
              },
              "Resource": Array [
                Object {
                  "Fn::GetAtt": Array [
                    "snapshotconstructBucketDED2BB39",
                    "Arn",
                  ],
                },
                Object {
                  "Fn::Join": Array [
                    "",
                    Array [
                      Object {
                        "Fn::GetAtt": Array [
                          "snapshotconstructBucketDED2BB39",
                          "Arn",
                        ],
                      },
                      "/*",
                    ],
                  ],
                },
              ],
            },
            Object {
              "Action": Array [
                "s3:GetBucket*",
                "s3:List*",
                "s3:DeleteObject*",
              ],
              "Effect": "Allow",
              "Principal": Object {
                "AWS": Object {
                  "Fn::GetAtt": Array [
                    "CustomS3AutoDeleteObjectsCustomResourceProviderRole3B1BD092",
                    "Arn",
                  ],
                },
              },
              "Resource": Array [
                Object {
                  "Fn::GetAtt": Array [
                    "snapshotconstructBucketDED2BB39",
                    "Arn",
                  ],
                },
                Object {
                  "Fn::Join": Array [
                    "",
                    Array [
                      Object {
                        "Fn::GetAtt": Array [
                          "snapshotconstructBucketDED2BB39",
                          "Arn",
                        ],
                      },
                      "/*",
                    ],
                  ],
                },
              ],
            },
          ],
          "Version": "2012-10-17",
        },
      },
      "Type": "AWS::S3::BucketPolicy",
    },
    "snapshotconstructanalyticstableF88925AF": Object {
      "DeletionPolicy": "Delete",
      "Properties": Object {
        "AttributeDefinitions": Array [
          Object {
            "AttributeName": "PK",
            "AttributeType": "S",
          },
          Object {
            "AttributeName": "SK",
            "AttributeType": "S",
          },
        ],
        "BillingMode": "PAY_PER_REQUEST",
        "KeySchema": Array [
          Object {
            "AttributeName": "PK",
            "KeyType": "HASH",
          },
          Object {
            "AttributeName": "SK",
            "KeyType": "RANGE",
          },
        ],
        "KinesisStreamSpecification": Object {
          "StreamArn": Object {
            "Fn::GetAtt": Array [
              "snapshotconstructstreamFD8C8D4A",
              "Arn",
            ],
          },
        },
        "SSESpecification": Object {
          "SSEEnabled": true,
        },
      },
      "Type": "AWS::DynamoDB::Table",
      "UpdateReplacePolicy": "Delete",
    },
    "snapshotconstructstreamFD8C8D4A": Object {
      "Properties": Object {
        "Name": "ddb-kinesis-stream",
        "RetentionPeriodHours": 24,
        "ShardCount": 1,
        "StreamEncryption": Object {
          "EncryptionType": "KMS",
          "KeyId": "alias/aws/kinesis",
        },
        "StreamModeDetails": Object {
          "StreamMode": "PROVISIONED",
        },
      },
      "Type": "AWS::Kinesis::Stream",
    },
  },
  "Rules": Object {
    "CheckBootstrapVersion": Object {
      "Assertions": Array [
        Object {
          "Assert": Object {
            "Fn::Not": Array [
              Object {
                "Fn::Contains": Array [
                  Array [
                    "1",
                    "2",
                    "3",
                    "4",
                    "5",
                  ],
                  Object {
                    "Ref": "BootstrapVersion",
                  },
                ],
              },
            ],
          },
          "AssertDescription": "CDK bootstrap stack version 6 required. Please run 'cdk bootstrap' with a recent version of the CDK CLI.",
        },
      ],
    },
  },
}
`;
